BL51 BANKED LINKER/LOCATER V6.22.2.0                                                    04/24/2026  23:05:45  PAGE 1


BL51 BANKED LINKER/LOCATER V6.22.2.0, INVOKED BY:
C:\KEIL_V5\C51\BIN\BL51.EXE .\Objects\main.obj, .\Objects\Delay.obj, .\Objects\LCD1602.obj, .\Objects\DS18B20.obj, .\Obj
>> ects\OneWire.obj TO .\Objects\Project PRINT (.\Listings\Project.m51) RAMSIZE (256) DISABLEWARNING (16)


MEMORY MODEL: SMALL WITH FLOATING POINT ARITHMETIC


INPUT MODULES INCLUDED:
  .\Objects\main.obj (MAIN)
  .\Objects\Delay.obj (DELAY)
  .\Objects\LCD1602.obj (LCD1602)
  .\Objects\DS18B20.obj (DS18B20)
  .\Objects\OneWire.obj (ONEWIRE)
  C:\KEIL_V5\C51\LIB\C51FPS.LIB (?C?FPMUL)
  C:\KEIL_V5\C51\LIB\C51FPS.LIB (?C?FPDIV)
  C:\KEIL_V5\C51\LIB\C51FPS.LIB (?C?FPCMP)
  C:\KEIL_V5\C51\LIB\C51FPS.LIB (?C?FPNEG)
  C:\KEIL_V5\C51\LIB\C51FPS.LIB (?C?FCAST)
  C:\KEIL_V5\C51\LIB\C51FPS.LIB (?C?CASTF)
  C:\KEIL_V5\C51\LIB\C51FPS.LIB (?C?FPGETOPN)
  C:\KEIL_V5\C51\LIB\C51S.LIB (?C_STARTUP)
  C:\KEIL_V5\C51\LIB\C51S.LIB (?C?CLDPTR)
  C:\KEIL_V5\C51\LIB\C51S.LIB (?C?CLDOPTR)
  C:\KEIL_V5\C51\LIB\C51S.LIB (?C?IMUL)
  C:\KEIL_V5\C51\LIB\C51S.LIB (?C?UIDIV)
  C:\KEIL_V5\C51\LIB\C51S.LIB (?C?ULDIV)
  C:\KEIL_V5\C51\LIB\C51S.LIB (?C?LNEG)


LINK MAP OF MODULE:  .\Objects\Project (MAIN)


            TYPE    BASE      LENGTH    RELOCATION   SEGMENT NAME
            -----------------------------------------------------

            * * * * * * *   D A T A   M E M O R Y   * * * * * * *
            REG     0000H     0008H     ABSOLUTE     "REG BANK 0"
            DATA    0008H     0009H     UNIT         _DATA_GROUP_
            DATA    0011H     0007H     UNIT         ?DT?_LCD_SHOWSIGNEDNUM?LCD1602
            DATA    0018H     0005H     UNIT         ?DT?_LCD_SHOWHEXNUM?LCD1602
            DATA    001DH     0005H     UNIT         ?DT?_LCD_SHOWBINNUM?LCD1602
            DATA    0022H     0004H     UNIT         ?DT?MAIN
            IDATA   0026H     0001H     UNIT         ?STACK

            * * * * * * *   C O D E   M E M O R Y   * * * * * * *
            CODE    0000H     0003H     ABSOLUTE     
            CODE    0003H     0478H     UNIT         ?C?LIB_CODE
            CODE    047BH     00C7H     UNIT         ?PR?_UART_SENDTEMPERATURE?MAIN
            CODE    0542H     00B3H     UNIT         ?PR?MAIN?MAIN
            CODE    05F5H     003AH     UNIT         ?PR?_LCD_SHOWSIGNEDNUM?LCD1602
            CODE    062FH     0039H     UNIT         ?PR?_LCD_SHOWHEXNUM?LCD1602
            CODE    0668H     0038H     UNIT         ?PR?_LCD_SHOWBINNUM?LCD1602
            CODE    06A0H     0033H     UNIT         ?PR?_LCD_POW?LCD1602
            CODE    06D3H     002BH     UNIT         ?PR?DS18B20_READT?DS18B20
            CODE    06FEH     0025H     UNIT         ?PR?_UART_SENDSTRING?MAIN
            CODE    0723H     0023H     UNIT         ?PR?_LCD_SHOWSTRING?LCD1602
            CODE    0746H     001EH     UNIT         ?PR?_LCD_WRITEDATA?LCD1602
BL51 BANKED LINKER/LOCATER V6.22.2.0                                                  04/24/2026  23:05:45  PAGE 2


            CODE    0764H     001DH     UNIT         ?PR?_LCD_SHOWNUM?LCD1602
            CODE    0781H     001DH     UNIT         ?PR?ONEWIRE_RECEIVEBYTE?ONEWIRE
            CODE    079EH     001CH     UNIT         ?PR?_UART_SENDBYTE?MAIN
            CODE    07BAH     001AH     UNIT         ?PR?ONEWIRE_INIT?ONEWIRE
            CODE    07D4H     0019H     UNIT         ?PR?_ONEWIRE_SENDBYTE?ONEWIRE
            CODE    07EDH     0018H     UNIT         ?CO?MAIN
            CODE    0805H     0018H     UNIT         ?PR?ONEWIRE_RECEIVEBIT?ONEWIRE
            CODE    081DH     0016H     UNIT         ?PR?_LCD_SETCURSOR?LCD1602
            CODE    0833H     0015H     UNIT         ?PR?_DELAY?DELAY
            CODE    0848H     0014H     UNIT         ?PR?UART_INIT?MAIN
            CODE    085CH     0014H     UNIT         ?PR?LCD_INIT?LCD1602
            CODE    0870H     0012H     UNIT         ?PR?_ONEWIRE_SENDBIT?ONEWIRE
            CODE    0882H     000FH     UNIT         ?PR?LCD_DELAY?LCD1602
            CODE    0891H     000DH     UNIT         ?PR?DS18B20_CONVERTT?DS18B20
            CODE    089EH     000CH     UNIT         ?C_C51STARTUP
            CODE    08AAH     000AH     UNIT         ?PR?_LCD_WRITECOMMAND?LCD1602
            CODE    08B4H     000AH     UNIT         ?PR?_LCD_SHOWCHAR?LCD1602



OVERLAY MAP OF MODULE:   .\Objects\Project (MAIN)


SEGMENT                                   DATA_GROUP 
  +--> CALLED SEGMENT                   START    LENGTH
-------------------------------------------------------
?C_C51STARTUP                           -----    -----
  +--> ?PR?MAIN?MAIN

?PR?MAIN?MAIN                           -----    -----
  +--> ?PR?UART_INIT?MAIN
  +--> ?PR?LCD_INIT?LCD1602
  +--> ?CO?MAIN
  +--> ?PR?_LCD_SHOWSTRING?LCD1602
  +--> ?PR?DS18B20_CONVERTT?DS18B20
  +--> ?PR?_DELAY?DELAY
  +--> ?PR?DS18B20_READT?DS18B20
  +--> ?PR?_UART_SENDTEMPERATURE?MAIN
  +--> ?PR?_LCD_SHOWCHAR?LCD1602
  +--> ?PR?_LCD_SHOWNUM?LCD1602

?PR?LCD_INIT?LCD1602                    -----    -----
  +--> ?PR?_LCD_WRITECOMMAND?LCD1602

?PR?_LCD_WRITECOMMAND?LCD1602           -----    -----
  +--> ?PR?LCD_DELAY?LCD1602

?PR?_LCD_SHOWSTRING?LCD1602             0008H    0003H
  +--> ?PR?_LCD_SETCURSOR?LCD1602
  +--> ?PR?_LCD_WRITEDATA?LCD1602

?PR?_LCD_SETCURSOR?LCD1602              -----    -----
  +--> ?PR?_LCD_WRITECOMMAND?LCD1602

?PR?_LCD_WRITEDATA?LCD1602              -----    -----
  +--> ?PR?LCD_DELAY?LCD1602

BL51 BANKED LINKER/LOCATER V6.22.2.0                                                  04/24/2026  23:05:45  PAGE 3


?PR?DS18B20_CONVERTT?DS18B20            -----    -----
  +--> ?PR?ONEWIRE_INIT?ONEWIRE
  +--> ?PR?_ONEWIRE_SENDBYTE?ONEWIRE

?PR?_ONEWIRE_SENDBYTE?ONEWIRE           -----    -----
  +--> ?PR?_ONEWIRE_SENDBIT?ONEWIRE

?PR?DS18B20_READT?DS18B20               0008H    0001H
  +--> ?PR?ONEWIRE_INIT?ONEWIRE
  +--> ?PR?_ONEWIRE_SENDBYTE?ONEWIRE
  +--> ?PR?ONEWIRE_RECEIVEBYTE?ONEWIRE

?PR?ONEWIRE_RECEIVEBYTE?ONEWIRE         -----    -----
  +--> ?PR?ONEWIRE_RECEIVEBIT?ONEWIRE

?PR?_UART_SENDTEMPERATURE?MAIN          0008H    0006H
  +--> ?CO?MAIN
  +--> ?PR?_UART_SENDSTRING?MAIN
  +--> ?PR?_UART_SENDBYTE?MAIN

?PR?_UART_SENDSTRING?MAIN               000EH    0003H
  +--> ?PR?_UART_SENDBYTE?MAIN

?PR?_LCD_SHOWCHAR?LCD1602               -----    -----
  +--> ?PR?_LCD_SETCURSOR?LCD1602
  +--> ?PR?_LCD_WRITEDATA?LCD1602

?PR?_LCD_SHOWNUM?LCD1602                0008H    0005H
  +--> ?PR?_LCD_SETCURSOR?LCD1602
  +--> ?PR?_LCD_POW?LCD1602
  +--> ?PR?_LCD_WRITEDATA?LCD1602

?PR?_LCD_POW?LCD1602                    000DH    0004H



SYMBOL TABLE OF MODULE:  .\Objects\Project (MAIN)

  VALUE           TYPE          NAME
  ----------------------------------

  -------         MODULE        MAIN
  C:0000H         SYMBOL        _ICE_DUMMY_
  B:0098H.1       PUBLIC        TI
  C:06FEH         PUBLIC        _UART_SendString
  C:0542H         PUBLIC        main
  D:0099H         PUBLIC        SBUF
  C:0848H         PUBLIC        UART_Init
  D:0098H         PUBLIC        SCON
  D:0089H         PUBLIC        TMOD
  C:047BH         PUBLIC        _UART_SendTemperature
  C:07B2H         PUBLIC        _UART_SendByte
  D:008DH         PUBLIC        TH1
  D:008BH         PUBLIC        TL1
  D:0022H         PUBLIC        T
  B:0088H.6       PUBLIC        TR1
  -------         PROC          UART_INIT
BL51 BANKED LINKER/LOCATER V6.22.2.0                                                  04/24/2026  23:05:45  PAGE 4


  C:0848H         LINE#         9
  C:0848H         LINE#         10
  C:0848H         LINE#         11
  C:084BH         LINE#         12
  C:084EH         LINE#         13
  C:0851H         LINE#         14
  C:0854H         LINE#         15
  C:0857H         LINE#         16
  C:0859H         LINE#         17
  C:085BH         LINE#         18
  -------         ENDPROC       UART_INIT
  C:07A4H         SYMBOL        L?0018
  C:07A7H         SYMBOL        L?0019
  -------         PROC          L?0017
  -------         ENDPROC       L?0017
  C:07A4H         SYMBOL        L?0018
  C:07A7H         SYMBOL        L?0019
  -------         PROC          _UART_SENDBYTE
  D:0007H         SYMBOL        Byte
  C:07B2H         LINE#         20
  C:07B2H         LINE#         21
  C:07B2H         LINE#         22
  C:07B4H         LINE#         23
  C:07B7H         LINE#         24
  C:07B9H         LINE#         25
  -------         ENDPROC       _UART_SENDBYTE
  -------         PROC          _UART_SENDSTRING
  D:000EH         SYMBOL        String
  C:06FEH         LINE#         27
  C:0704H         LINE#         28
  C:0704H         LINE#         29
  C:070FH         LINE#         30
  C:070FH         LINE#         31
  C:0720H         LINE#         32
  C:0722H         LINE#         33
  -------         ENDPROC       _UART_SENDSTRING
  -------         PROC          _UART_SENDTEMPERATURE
  D:0008H         SYMBOL        Temp
  -------         DO            
  D:000CH         SYMBOL        IntPart
  D:0002H         SYMBOL        DecPart
  -------         ENDDO         
  C:047BH         LINE#         35
  C:0483H         LINE#         36
  C:0483H         LINE#         40
  C:048CH         LINE#         41
  C:049EH         LINE#         42
  C:049EH         LINE#         43
  C:04A3H         LINE#         44
  C:04B6H         LINE#         45
  C:04B8H         LINE#         47
  C:04B8H         LINE#         48
  C:04BDH         LINE#         49
  C:04BDH         LINE#         51
  C:04CCH         LINE#         52
  C:04EDH         LINE#         54
  C:04FFH         LINE#         55
BL51 BANKED LINKER/LOCATER V6.22.2.0                                                  04/24/2026  23:05:45  PAGE 5


  C:050AH         LINE#         56
  C:0511H         LINE#         57
  C:0516H         LINE#         58
  C:0528H         LINE#         59
  C:052DH         LINE#         60
  C:0532H         LINE#         61
  C:0539H         LINE#         62
  -------         ENDPROC       _UART_SENDTEMPERATURE
  -------         PROC          MAIN
  C:0542H         LINE#         65
  C:0542H         LINE#         66
  C:0542H         LINE#         67
  C:0545H         LINE#         68
  C:0548H         LINE#         69
  C:0555H         LINE#         70
  C:0555H         LINE#         71
  C:0555H         LINE#         72
  C:0558H         LINE#         73
  C:055FH         LINE#         74
  C:056AH         LINE#         75
  C:056DH         LINE#         76
  C:057FH         LINE#         77
  C:057FH         LINE#         78
  C:0588H         LINE#         79
  C:059BH         LINE#         80
  C:059DH         LINE#         82
  C:059DH         LINE#         83
  C:05A6H         LINE#         84
  C:05A6H         LINE#         85
  C:05BFH         LINE#         86
  C:05C8H         LINE#         87
  C:05F2H         LINE#         88
  -------         ENDPROC       MAIN
  -------         ENDMOD        MAIN

  -------         MODULE        DELAY
  C:0000H         SYMBOL        _ICE_DUMMY_
  C:0833H         PUBLIC        _Delay
  -------         PROC          _DELAY
  D:0006H         SYMBOL        xms
  -------         DO            
  D:0005H         SYMBOL        i
  D:0004H         SYMBOL        j
  -------         ENDDO         
  C:0833H         LINE#         2
  C:0833H         LINE#         3
  C:0833H         LINE#         5
  C:083DH         LINE#         6
  C:083DH         LINE#         7
  C:083FH         LINE#         8
  C:0841H         LINE#         10
  C:0841H         LINE#         11
  C:0843H         LINE#         12
  C:0845H         LINE#         13
  C:0847H         LINE#         14
  -------         ENDPROC       _DELAY
  -------         ENDMOD        DELAY
BL51 BANKED LINKER/LOCATER V6.22.2.0                                                  04/24/2026  23:05:45  PAGE 6



  -------         MODULE        LCD1602
  C:0000H         SYMBOL        _ICE_DUMMY_
  D:0080H         PUBLIC        P0
  D:00A0H         PUBLIC        P2
  C:08AAH         PUBLIC        _LCD_WriteCommand
  C:0764H         PUBLIC        _LCD_ShowNum
  C:0668H         PUBLIC        _LCD_ShowBinNum
  C:0888H         PUBLIC        LCD_Delay
  C:062FH         PUBLIC        _LCD_ShowHexNum
  C:075AH         PUBLIC        _LCD_WriteData
  B:00A0H.7       PUBLIC        LCD_EN
  C:085CH         PUBLIC        LCD_Init
  C:0723H         PUBLIC        _LCD_ShowString
  C:08B4H         PUBLIC        _LCD_ShowChar
  B:00A0H.6       PUBLIC        LCD_RS
  B:00A0H.5       PUBLIC        LCD_RW
  C:081DH         PUBLIC        _LCD_SetCursor
  C:05F5H         PUBLIC        _LCD_ShowSignedNum
  C:06ACH         PUBLIC        _LCD_Pow
  -------         PROC          L?0048
  -------         ENDPROC       L?0048
  -------         PROC          LCD_DELAY
  -------         DO            
  D:0007H         SYMBOL        i
  D:0006H         SYMBOL        j
  -------         ENDDO         
  C:0888H         LINE#         15
  C:0888H         LINE#         16
  C:0888H         LINE#         19
  C:088AH         LINE#         20
  C:088CH         LINE#         22
  C:088CH         LINE#         23
  C:088EH         LINE#         24
  C:0890H         LINE#         25
  -------         ENDPROC       LCD_DELAY
  -------         PROC          _LCD_WRITECOMMAND
  D:0007H         SYMBOL        Command
  C:08AAH         LINE#         32
  C:08AAH         LINE#         33
  C:08AAH         LINE#         34
  C:08ACH         LINE#         35
  C:08ACH         LINE#         36
  C:08ACH         LINE#         37
  C:08ACH         LINE#         38
  C:08AFH         LINE#         39
  C:08B1H         LINE#         40
  -------         ENDPROC       _LCD_WRITECOMMAND
  -------         PROC          L?0047
  -------         ENDPROC       L?0047
  -------         PROC          _LCD_WRITEDATA
  D:0007H         SYMBOL        Data
  C:075AH         LINE#         48
  C:075AH         LINE#         49
  C:075AH         LINE#         50
  C:075CH         LINE#         51
  C:075CH         LINE#         52
BL51 BANKED LINKER/LOCATER V6.22.2.0                                                  04/24/2026  23:05:45  PAGE 7


  C:075CH         LINE#         53
  C:075CH         LINE#         54
  C:075FH         LINE#         55
  C:0761H         LINE#         56
  -------         ENDPROC       _LCD_WRITEDATA
  -------         PROC          _LCD_SETCURSOR
  D:0006H         SYMBOL        Line
  D:0005H         SYMBOL        Column
  C:081DH         LINE#         65
  C:081FH         LINE#         66
  C:081FH         LINE#         67
  C:0822H         LINE#         68
  C:0822H         LINE#         69
  C:0824H         LINE#         70
  C:0826H         LINE#         71
  C:0829H         LINE#         72
  C:0829H         LINE#         73
  C:0832H         LINE#         74
  C:0832H         LINE#         75
  -------         ENDPROC       _LCD_SETCURSOR
  -------         PROC          LCD_INIT
  C:085CH         LINE#         82
  C:085CH         LINE#         83
  C:085CH         LINE#         84
  C:0861H         LINE#         85
  C:0866H         LINE#         86
  C:086BH         LINE#         87
  -------         ENDPROC       LCD_INIT
  -------         PROC          _LCD_SHOWCHAR
  D:0006H         SYMBOL        Line
  D:0005H         SYMBOL        Column
  D:0004H         SYMBOL        Char
  C:08B4H         LINE#         97
  C:08B6H         LINE#         98
  C:08B6H         LINE#         99
  C:08B9H         LINE#         100
  -------         ENDPROC       _LCD_SHOWCHAR
  -------         PROC          _LCD_SHOWSTRING
  D:0007H         SYMBOL        Line
  D:0005H         SYMBOL        Column
  D:0008H         SYMBOL        String
  -------         DO            
  D:0005H         SYMBOL        i
  -------         ENDDO         
  C:0723H         LINE#         110
  C:0729H         LINE#         111
  C:0729H         LINE#         113
  C:072CH         LINE#         114
  C:073FH         LINE#         115
  C:073FH         LINE#         116
  C:0742H         LINE#         117
  C:0745H         LINE#         118
  -------         ENDPROC       _LCD_SHOWSTRING
  C:06A2H         SYMBOL        L?0046
  -------         PROC          L?0045
  -------         ENDPROC       L?0045
  C:06A2H         SYMBOL        L?0046
BL51 BANKED LINKER/LOCATER V6.22.2.0                                                  04/24/2026  23:05:45  PAGE 8


  -------         PROC          _LCD_POW
  D:000DH         SYMBOL        X
  D:000FH         SYMBOL        Y
  -------         DO            
  D:0003H         SYMBOL        i
  D:0006H         SYMBOL        Result
  -------         ENDDO         
  C:06ACH         LINE#         123
  C:06B4H         LINE#         124
  C:06B4H         LINE#         126
  C:06B8H         LINE#         127
  C:06C8H         LINE#         128
  C:06C8H         LINE#         129
  C:06CFH         LINE#         130
  C:06D2H         LINE#         131
  C:06D2H         LINE#         132
  -------         ENDPROC       _LCD_POW
  -------         PROC          _LCD_SHOWNUM
  D:0007H         SYMBOL        Line
  D:0005H         SYMBOL        Column
  D:000AH         SYMBOL        Number
  D:000CH         SYMBOL        Length
  -------         DO            
  D:0002H         SYMBOL        i
  -------         ENDDO         
  C:0764H         LINE#         142
  C:0768H         LINE#         143
  C:0768H         LINE#         145
  C:076BH         LINE#         146
  C:0773H         LINE#         147
  C:0773H         LINE#         148
  C:077DH         LINE#         149
  C:0780H         LINE#         150
  -------         ENDPROC       _LCD_SHOWNUM
  -------         PROC          _LCD_SHOWSIGNEDNUM
  D:0007H         SYMBOL        Line
  D:0005H         SYMBOL        Column
  D:0002H         SYMBOL        Number
  D:0015H         SYMBOL        Length
  -------         DO            
  D:0002H         SYMBOL        i
  D:0016H         SYMBOL        Number1
  -------         ENDDO         
  C:05F5H         LINE#         160
  C:05F5H         LINE#         161
  C:05F5H         LINE#         164
  C:05F8H         LINE#         165
  C:0600H         LINE#         166
  C:0600H         LINE#         167
  C:0605H         LINE#         168
  C:0609H         LINE#         169
  C:060BH         LINE#         171
  C:060BH         LINE#         172
  C:0610H         LINE#         173
  C:0619H         LINE#         174
  C:0619H         LINE#         175
  C:0621H         LINE#         176
BL51 BANKED LINKER/LOCATER V6.22.2.0                                                  04/24/2026  23:05:45  PAGE 9


  C:0621H         LINE#         177
  C:062BH         LINE#         178
  C:062EH         LINE#         179
  -------         ENDPROC       _LCD_SHOWSIGNEDNUM
  -------         PROC          _LCD_SHOWHEXNUM
  D:0007H         SYMBOL        Line
  D:0005H         SYMBOL        Column
  D:001AH         SYMBOL        Number
  D:001CH         SYMBOL        Length
  -------         DO            
  D:0002H         SYMBOL        i
  D:0006H         SYMBOL        SingleNumber
  -------         ENDDO         
  C:062FH         LINE#         189
  C:0633H         LINE#         190
  C:0633H         LINE#         192
  C:0636H         LINE#         193
  C:063EH         LINE#         194
  C:063EH         LINE#         195
  C:0654H         LINE#         196
  C:065AH         LINE#         197
  C:065AH         LINE#         198
  C:065CH         LINE#         199
  C:065EH         LINE#         201
  C:065EH         LINE#         202
  C:0664H         LINE#         203
  C:0664H         LINE#         204
  C:0667H         LINE#         205
  -------         ENDPROC       _LCD_SHOWHEXNUM
  -------         PROC          _LCD_SHOWBINNUM
  D:0007H         SYMBOL        Line
  D:0005H         SYMBOL        Column
  D:001FH         SYMBOL        Number
  D:0021H         SYMBOL        Length
  -------         DO            
  D:0002H         SYMBOL        i
  -------         ENDDO         
  C:0668H         LINE#         215
  C:066CH         LINE#         216
  C:066CH         LINE#         218
  C:066FH         LINE#         219
  C:0677H         LINE#         220
  C:0677H         LINE#         221
  C:069CH         LINE#         222
  C:069FH         LINE#         223
  -------         ENDPROC       _LCD_SHOWBINNUM
  -------         ENDMOD        LCD1602

  -------         MODULE        DS18B20
  C:0000H         SYMBOL        _ICE_DUMMY_
  C:0891H         PUBLIC        DS18B20_ConvertT
  C:06D3H         PUBLIC        DS18B20_ReadT
  -------         PROC          DS18B20_CONVERTT
  C:0891H         LINE#         14
  C:0891H         LINE#         15
  C:0891H         LINE#         16
  C:0894H         LINE#         17
BL51 BANKED LINKER/LOCATER V6.22.2.0                                                  04/24/2026  23:05:45  PAGE 10


  C:0899H         LINE#         18
  -------         ENDPROC       DS18B20_CONVERTT
  -------         PROC          DS18B20_READT
  -------         DO            
  D:0008H         SYMBOL        TLSB
  D:0007H         SYMBOL        TMSB
  D:0006H         SYMBOL        Temp
  D:0004H         SYMBOL        T
  -------         ENDDO         
  C:06D3H         LINE#         26
  C:06D3H         LINE#         27
  C:06D3H         LINE#         31
  C:06D6H         LINE#         32
  C:06DBH         LINE#         33
  C:06E0H         LINE#         34
  C:06E5H         LINE#         35
  C:06E8H         LINE#         36
  C:06EDH         LINE#         37
  -------         ENDPROC       DS18B20_READT
  -------         ENDMOD        DS18B20

  -------         MODULE        ONEWIRE
  C:0000H         SYMBOL        _ICE_DUMMY_
  D:00B0H         PUBLIC        P3
  C:0805H         PUBLIC        OneWire_ReceiveBit
  B:00B0H.7       PUBLIC        OneWire_DQ
  C:07BAH         PUBLIC        OneWire_Init
  C:07D4H         PUBLIC        _OneWire_SendByte
  C:0870H         PUBLIC        _OneWire_SendBit
  C:0781H         PUBLIC        OneWire_ReceiveByte
  -------         PROC          ONEWIRE_INIT
  -------         DO            
  D:0007H         SYMBOL        i
  D:0006H         SYMBOL        AckBit
  -------         ENDDO         
  C:07BAH         LINE#         11
  C:07BAH         LINE#         12
  C:07BAH         LINE#         15
  C:07BCH         LINE#         16
  C:07BEH         LINE#         17
  C:07C2H         LINE#         18
  C:07C4H         LINE#         19
  C:07C8H         LINE#         20
  C:07CDH         LINE#         21
  C:07D1H         LINE#         22
  C:07D3H         LINE#         23
  -------         ENDPROC       ONEWIRE_INIT
  -------         PROC          _ONEWIRE_SENDBIT
  D:0007H         SYMBOL        Bit
  -------         DO            
  D:0006H         SYMBOL        i
  -------         ENDDO         
  C:0870H         LINE#         30
  C:0870H         LINE#         31
  C:0870H         LINE#         33
  C:0872H         LINE#         34
  C:0876H         LINE#         35
BL51 BANKED LINKER/LOCATER V6.22.2.0                                                  04/24/2026  23:05:45  PAGE 11


  C:087BH         LINE#         36
  C:087FH         LINE#         37
  C:0881H         LINE#         38
  -------         ENDPROC       _ONEWIRE_SENDBIT
  -------         PROC          ONEWIRE_RECEIVEBIT
  -------         DO            
  D:0007H         SYMBOL        i
  D:0006H         SYMBOL        Bit
  -------         ENDDO         
  C:0805H         LINE#         45
  C:0805H         LINE#         46
  C:0805H         LINE#         49
  C:0807H         LINE#         50
  C:080BH         LINE#         51
  C:080DH         LINE#         52
  C:0811H         LINE#         53
  C:0816H         LINE#         54
  C:081AH         LINE#         55
  C:081CH         LINE#         56
  -------         ENDPROC       ONEWIRE_RECEIVEBIT
  -------         PROC          _ONEWIRE_SENDBYTE
  D:0005H         SYMBOL        Byte
  -------         DO            
  D:0004H         SYMBOL        i
  -------         ENDDO         
  C:07D4H         LINE#         63
  C:07D6H         LINE#         64
  C:07D6H         LINE#         66
  C:07D8H         LINE#         67
  C:07D8H         LINE#         68
  C:07E8H         LINE#         69
  C:07ECH         LINE#         70
  -------         ENDPROC       _ONEWIRE_SENDBYTE
  -------         PROC          ONEWIRE_RECEIVEBYTE
  -------         DO            
  D:0004H         SYMBOL        i
  D:0005H         SYMBOL        Byte
  -------         ENDDO         
  C:0781H         LINE#         77
  C:0781H         LINE#         78
  C:0781H         LINE#         80
  C:0783H         LINE#         81
  C:0784H         LINE#         82
  C:0784H         LINE#         83
  C:0797H         LINE#         84
  C:079BH         LINE#         85
  C:079DH         LINE#         86
  -------         ENDPROC       ONEWIRE_RECEIVEBYTE
  -------         ENDMOD        ONEWIRE

  -------         MODULE        ?C?FPMUL
  C:0003H         PUBLIC        ?C?FPMUL
  -------         ENDMOD        ?C?FPMUL

  -------         MODULE        ?C?FPDIV
  C:010CH         PUBLIC        ?C?FPDIV
  -------         ENDMOD        ?C?FPDIV
BL51 BANKED LINKER/LOCATER V6.22.2.0                                                  04/24/2026  23:05:45  PAGE 12



  -------         MODULE        ?C?FPCMP
  C:01ABH         PUBLIC        ?C?FPCMP
  C:01A9H         PUBLIC        ?C?FPCMP3
  -------         ENDMOD        ?C?FPCMP

  -------         MODULE        ?C?FPNEG
  C:0222H         PUBLIC        ?C?FPNEG
  -------         ENDMOD        ?C?FPNEG

  -------         MODULE        ?C?FCAST
  C:023DH         PUBLIC        ?C?FCASTC
  C:0238H         PUBLIC        ?C?FCASTI
  C:0233H         PUBLIC        ?C?FCASTL
  -------         ENDMOD        ?C?FCAST

  -------         MODULE        ?C?CASTF
  C:0271H         PUBLIC        ?C?CASTF
  -------         ENDMOD        ?C?CASTF

  -------         MODULE        ?C?CLDPTR
  C:02F2H         PUBLIC        ?C?CLDPTR
  -------         ENDMOD        ?C?CLDPTR

  -------         MODULE        ?C?CLDOPTR
  C:030BH         PUBLIC        ?C?CLDOPTR
  -------         ENDMOD        ?C?CLDOPTR

  -------         MODULE        ?C?IMUL
  C:0338H         PUBLIC        ?C?IMUL
  -------         ENDMOD        ?C?IMUL

  -------         MODULE        ?C?UIDIV
  C:034AH         PUBLIC        ?C?UIDIV
  -------         ENDMOD        ?C?UIDIV

  -------         MODULE        ?C?ULDIV
  C:03DBH         PUBLIC        ?C?ULDIV
  -------         ENDMOD        ?C?ULDIV

  -------         MODULE        ?C?LNEG
  C:046DH         PUBLIC        ?C?LNEG
  -------         ENDMOD        ?C?LNEG

Program Size: data=39.0 xdata=0 code=2238
LINK/LOCATE RUN COMPLETE.  0 WARNING(S),  0 ERROR(S)
